[INFO] Scanning for projects...
[INFO] 
[INFO] ------------------< com.example:my-first-spring-api >-------------------
[INFO] Building  0.0.1-SNAPSHOT
[INFO]   from pom.xml
[INFO] --------------------------------[ jar ]---------------------------------
[INFO] 
[INFO] >>> spring-boot:4.1.1:run (default-cli) > test-compile @ my-first-spring-api >>>
[INFO] 
[INFO] --- resources:3.5.0:resources (default-resources) @ my-first-spring-api ---
[INFO] Copying 1 resource from src\main\resources to target\classes
[INFO] Copying 3 resources from src\main\resources to target\classes
[INFO] 
[INFO] --- compiler:3.15.0:compile (default-compile) @ my-first-spring-api ---
[INFO] Nothing to compile - all classes are up to date.
[INFO] 
[INFO] --- resources:3.5.0:testResources (default-testResources) @ my-first-spring-api ---
[INFO] skip non existing resourceDirectory C:\project\my-first-spring-api\my-first-spring-api\src\test\resources
[INFO] 
[INFO] --- compiler:3.15.0:testCompile (default-testCompile) @ my-first-spring-api ---
[INFO] Nothing to compile - all classes are up to date.
[INFO] 
[INFO] <<< spring-boot:4.1.1:run (default-cli) < test-compile @ my-first-spring-api <<<
[INFO] 
[INFO] 
[INFO] --- spring-boot:4.1.1:run (default-cli) @ my-first-spring-api ---
[INFO] Attaching agents: []

  .   ____          _            __ _ _
 /\\ / ___'_ __ _ _(_)_ __  __ _ \ \ \ \
( ( )\___ | '_ | '_| | '_ \/ _` | \ \ \ \
 \\/  ___)| |_)| | | | | || (_| |  ) ) ) )
  '  |____| .__|_| |_|_| |_\__, | / / / /
 =========|_|==============|___/=/_/_/_/

 :: Spring Boot ::                (v4.1.1)

2026-08-31T11:14:41.454+05:30  INFO 10816 --- [SocioMart] [           main] c.e.m.MyFirstSpringApiApplication        : Starting MyFirstSpringApiApplication using Java 21.0.11 with PID 10816 (C:\project\my-first-spring-api\my-first-spring-api\target\classes started by Admin in C:\project\my-first-spring-api\my-first-spring-api)
2026-08-31T11:14:41.457+05:30 DEBUG 10816 --- [SocioMart] [           main] c.e.m.MyFirstSpringApiApplication        : Running with Spring Boot v4.1.1, Spring v7.0.9
2026-08-31T11:14:41.462+05:30  INFO 10816 --- [SocioMart] [           main] c.e.m.MyFirstSpringApiApplication        : The following 1 profile is active: "dev"
2026-08-31T11:14:42.390+05:30  INFO 10816 --- [SocioMart] [           main] .s.d.r.c.RepositoryConfigurationDelegate : Bootstrapping Spring Data JPA repositories in DEFAULT mode.
2026-08-31T11:14:42.470+05:30  INFO 10816 --- [SocioMart] [           main] .s.d.r.c.RepositoryConfigurationDelegate : Finished Spring Data repository scanning in 67 ms. Found 6 JPA repository interfaces.
2026-08-31T11:14:43.098+05:30  INFO 10816 --- [SocioMart] [           main] o.s.boot.tomcat.TomcatWebServer          : Tomcat initialized with port 8081 (http)
2026-08-31T11:14:43.114+05:30  INFO 10816 --- [SocioMart] [           main] o.apache.catalina.core.StandardService   : Starting service [Tomcat]
2026-08-31T11:14:43.114+05:30  INFO 10816 --- [SocioMart] [           main] o.apache.catalina.core.StandardEngine    : Starting Servlet engine: [Apache Tomcat/11.0.24]
2026-08-31T11:14:43.192+05:30  INFO 10816 --- [SocioMart] [           main] b.w.c.s.WebApplicationContextInitializer : Root WebApplicationContext: initialization completed in 1664 ms
2026-08-31T11:14:43.408+05:30  INFO 10816 --- [SocioMart] [           main] org.hibernate.orm.jpa                    : HHH008540: Processing PersistenceUnitInfo [name: default]
2026-08-31T11:14:43.499+05:30  INFO 10816 --- [SocioMart] [           main] org.hibernate.orm.core                   : HHH000001: Hibernate ORM core version 7.4.5.Final
2026-08-31T11:14:44.082+05:30  INFO 10816 --- [SocioMart] [           main] o.s.o.j.p.SpringPersistenceUnitInfo      : No LoadTimeWeaver setup: ignoring JPA class transformer
2026-08-31T11:14:44.127+05:30  INFO 10816 --- [SocioMart] [           main] com.zaxxer.hikari.HikariDataSource       : HikariPool-1 - Starting...
2026-08-31T11:14:44.348+05:30  INFO 10816 --- [SocioMart] [           main] com.zaxxer.hikari.pool.HikariPool        : HikariPool-1 - Added connection conn0: url=jdbc:h2:mem:sociomartdb user=SA
2026-08-31T11:14:44.349+05:30  INFO 10816 --- [SocioMart] [           main] com.zaxxer.hikari.HikariDataSource       : HikariPool-1 - Start completed.
2026-08-31T11:14:44.381+05:30  WARN 10816 --- [SocioMart] [           main] org.hibernate.orm.deprecation            : HHH90000025: H2Dialect does not need to be specified explicitly using 'hibernate.dialect' (remove the property setting and it will be selected by default)
2026-08-31T11:14:44.410+05:30  INFO 10816 --- [SocioMart] [           main] org.hibernate.orm.connections.pooling    : HHH10001005: Database info:
	Database JDBC URL [jdbc:h2:mem:sociomartdb]
	Database driver: H2 JDBC Driver
	Database dialect: H2Dialect
	Database version: 2.4.240
	Default catalog/schema: SOCIOMARTDB/PUBLIC
	Autocommit mode: undefined/unknown
	Isolation level: READ_COMMITTED [default READ_COMMITTED]
	JDBC fetch size: 100
	Pool: DataSourceConnectionProvider
	Minimum pool size: undefined/unknown
	Maximum pool size: undefined/unknown
2026-08-31T11:14:45.833+05:30  INFO 10816 --- [SocioMart] [           main] org.hibernate.orm.core                   : HHH000489: No JTA platform available (set 'hibernate.transaction.jta.platform' to enable JTA platform integration)
2026-08-31T11:14:45.914+05:30  INFO 10816 --- [SocioMart] [           main] j.LocalContainerEntityManagerFactoryBean : Initialized JPA EntityManagerFactory for persistence unit 'default'
2026-08-31T11:14:46.006+05:30  INFO 10816 --- [SocioMart] [           main] o.s.d.j.r.query.QueryEnhancerFactories   : Hibernate is in classpath; If applicable, HQL parser will be used.
2026-08-31T11:14:46.531+05:30  WARN 10816 --- [SocioMart] [           main] JpaBaseConfiguration$JpaWebConfiguration : spring.jpa.open-in-view is enabled by default. Therefore, database queries may be performed during view rendering. Explicitly configure spring.jpa.open-in-view to disable this warning
2026-08-31T11:14:46.624+05:30  WARN 10816 --- [SocioMart] [           main] .s.a.UserDetailsServiceAutoConfiguration : 

Using generated security password: 5a4120ec-7318-42a8-8d65-48f78bc9abf7

This generated password is for development use only. Your security configuration must be updated before running your application in production.

2026-08-31T11:14:46.631+05:30  INFO 10816 --- [SocioMart] [           main] r$InitializeUserDetailsManagerConfigurer : Global AuthenticationManager configured with UserDetailsService bean with name inMemoryUserDetailsManager
2026-08-31T11:14:46.797+05:30  INFO 10816 --- [SocioMart] [           main] o.s.b.w.a.WelcomePageHandlerMapping      : Adding welcome page: class path resource [static/index.html]
2026-08-31T11:14:47.229+05:30  INFO 10816 --- [SocioMart] [           main] o.s.boot.tomcat.TomcatWebServer          : Tomcat started on port 8081 (http) with context path '/'
2026-08-31T11:14:47.230+05:30  INFO 10816 --- [SocioMart] [           main] c.e.m.MyFirstSpringApiApplication        : Started MyFirstSpringApiApplication in 6.417 seconds (process running for 7.08)
2026-08-31T11:15:53.095+05:30  INFO 10816 --- [SocioMart] [nio-8081-exec-3] o.a.c.c.C.[Tomcat].[localhost].[/]       : Initializing Spring DispatcherServlet 'dispatcherServlet'
2026-08-31T11:15:53.096+05:30  INFO 10816 --- [SocioMart] [nio-8081-exec-3] o.s.web.servlet.DispatcherServlet        : Initializing Servlet 'dispatcherServlet'
2026-08-31T11:15:53.100+05:30  INFO 10816 --- [SocioMart] [nio-8081-exec-3] o.s.web.servlet.DispatcherServlet        : Completed initialization in 2 ms
